     1                                          ; TINY BASIC 8086 COM EDITION
     2                                          ; Original author: Oscar Toledo G.
     3                                          ; Website: http://nanochess.org/
     4                                          ;
     5                                          ; Version 2.1.0 (2026-04-08)
     6                                          ; Changes since original:
     7                                          ; - COM-only target, no boot-sector mode.
     8                                          ; - Packed editable program lines (EDITLN/INSLINE/DELINE).
     9                                          ; - 4KB simulated RAM window at 0x1000..0x1FFF.
    10                                          ; - Tokenized keywords and signed 16-bit numeric literals.
    11                                          ; - FREE command and startup free-RAM sign-on.
    12                                          ; - CHR$ support in PRINT.
    13                                  
    14                                          cpu 8086
    15                                  
    16                                          org 0x0100
    17                                  
    18                                  STACK_TOP:   equ 0x1fff
    19                                  PROGRAM_TOP: equ 0x1e00
    20                                  RAM_END:     equ 0x2000
    21                                  
    22                                  tok_new:    equ 0x80
    23                                  tok_list:   equ 0x81
    24                                  tok_run:    equ 0x82
    25                                  tok_print:  equ 0x83
    26                                  tok_input:  equ 0x84
    27                                  tok_if:     equ 0x85
    28                                  tok_goto:   equ 0x86
    29                                  tok_system: equ 0x87
    30                                  tok_rnd:    equ 0x88
    31                                  tok_num:    equ 0x89
    32                                  tok_free:   equ 0x8a
    33                                  tok_chr:    equ 0x8b
    34                                  
    35                                  start:
    36 00000000 0E                              push cs
    37 00000001 1F                              pop ds
    38 00000002 0E                              push cs
    39 00000003 07                              pop es
    40 00000004 0E                              push cs
    41 00000005 17                              pop ss
    42 00000006 FC                              cld             ; Clear Direction flag
    43 00000007 BE[BB04]                        mov si,signon
    44 0000000A E8F800                          call print_z
    45 0000000D E8E700                          call free_bytes
    46 00000010 E8F501                          call output_number
    47 00000013 E89803                          call new_line
    48                                  
    49                                          ;
    50                                          ; Main loop
    51                                          ;
    52                                  main_loop:
    53 00000016 BCFF1F                          mov sp,STACK_TOP
    54 00000019 B8[1600]                        mov ax,main_loop
    55 0000001C 50                              push ax
    56 0000001D B03E                            mov al,'>'      ; Show prompt
    57 0000001F E85602                          call input_line ; Accept line
    58 00000022 E8F801                          call input_number       ; Get number
    59 00000025 09C0                            or ax,ax        ; No number or zero?
    60 00000027 7411                            je statement    ; Yes, jump
    61 00000029 E88902                          call tokenize_line
    62 0000002C E8C503                          call editln
    63 0000002F C3                              ret
    64                                  
    65                                          ;
    66                                          ; Handle 'if' statement
    67                                          ;
    68                                  if_statement:
    69 00000030 E83F01                          call expr       ; Process expression
    70 00000033 09C0                            or ax,ax        ; Is it zero?
    71 00000035 7503E9B300                      je f6           ; Yes, return (ignore if)
    72                                  statement:
    73 0000003A E8C501                          call spaces     ; Avoid spaces
    74 0000003D 803C0D                          cmp byte [si],0x0d  ; Empty line?
    75 00000040 7503E9A800                      je f6           ; Yes, return
    76 00000045 803C80                          cmp byte [si],tok_new
    77 00000048 721A                            jb statement_text
    78 0000004A AC                              lodsb
    79 0000004B 3C8A                            cmp al,tok_free
    80 0000004D 7503E99C00                      je free_statement
    81 00000052 2C80                            sub al,tok_new
    82 00000054 3C07                            cmp al,7
    83 00000056 7735                            ja error
    84 00000058 98                              cbw
    85 00000059 01C0                            add ax,ax
    86 0000005B 89C3                            mov bx,ax
    87 0000005D E8A201                          call spaces
    88 00000060 FFA7[9900]                      jmp word [statement_tokens+bx]
    89                                  statement_text:
    90 00000064 BF[7B04]                        mov di,statements   ; Point to statements list
    91 00000067 8A05                    f5:     mov al,[di]     ; Read length of the string
    92 00000069 47                              inc di          ; Avoid length byte
    93 0000006A 98                              cbw             ; Make AH zero
    94 0000006B 48                              dec ax          ; Is it zero?
    95 0000006C 7413                            je f4           ; Yes, jump
    96 0000006E 91                              xchg ax,cx
    97 0000006F 56                              push si         ; Save current position
    98 00000070 F3A6                    f16:    rep cmpsb       ; Compare statement
    99 00000072 7506                            jne f3          ; Equal? No, jump
   100 00000074 58                              pop ax
   101 00000075 E88A01                          call spaces     ; Avoid spaces
   102 00000078 FF25                            jmp word [di]   ; Jump to process statement
   103                                  
   104 0000007A 01CF                    f3:     add di,cx       ; Advance the list pointer
   105 0000007C 47                              inc di          ; Avoid the address
   106 0000007D 47                              inc di
   107 0000007E 5E                              pop si
   108 0000007F EBE6                            jmp f5          ; Compare another statement
   109                                  
   110 00000081 E87201                  f4:     call get_variable       ; Try variable
   111 00000084 50                              push ax         ; Save address
   112 00000085 AC                              lodsb           ; Read a line letter
   113 00000086 3C3D                            cmp al,'='      ; Is it assignment '=' ?
   114 00000088 7503E9DF00                      je assignment   ; Yes, jump to assignment.
   115                                  
   116                                          ;
   117                                          ; An error happened
   118                                          ;
   119                                  error:
   120 0000008D BE[9500]                        mov si,error_message
   121 00000090 E8D802                          call print_2    ; Show error message
   122 00000093 EB81                            jmp main_loop   ; Exit to main loop
   123                                  
   124                                  error_message:
   125 00000095 4023210D                        db "@#!",0x0d   ; Guess the words :P
   126                                  statement_tokens:
   127 00000099 [0000]                          dw start
   128 0000009B [D400]                          dw list_statement
   129 0000009D [4E02]                          dw run_statement
   130 0000009F [6203]                          dw print_statement
   131 000000A1 [6301]                          dw input_statement
   132 000000A3 [3000]                          dw if_statement
   133 000000A5 [3502]                          dw goto_statement
   134 000000A7 [3302]                          dw system_statement
   135                                  
   136                                  kw_table:
   137 000000A9 6E65F7                          db 'n','e','w'+0x80
   138 000000AC 6C6973F4                        db 'l','i','s','t'+0x80
   139 000000B0 7275EE                          db 'r','u','n'+0x80
   140 000000B3 7072696EF4                      db 'p','r','i','n','t'+0x80
   141 000000B8 696E7075F4                      db 'i','n','p','u','t'+0x80
   142 000000BD 69E6                            db 'i','f'+0x80
   143 000000BF 676F74EF                        db 'g','o','t','o'+0x80
   144 000000C3 7379737465ED                    db 's','y','s','t','e','m'+0x80
   145 000000C9 726EE4                          db 'r','n','d'+0x80
   146 000000CC 667265E5                        db 'f','r','e','e'+0x80
   147 000000D0 636872A4                        db 'c','h','r','$'+0x80
   148                                  
   149                                          ;
   150                                          ; Handle 'list' statement
   151                                          ;
   152                                  list_statement:
   153 000000D4 BE[7C10]                        mov si,program
   154 000000D7 8B04                    f29:    mov ax,[si]
   155 000000D9 09C0                            or ax,ax
   156 000000DB 7410                            je f6
   157 000000DD E82801                          call output_number ; Show line number
   158 000000E0 83C602                          add si,2
   159 000000E3 AC                      f32:    lodsb           ; Show line contents
   160 000000E4 E82800                          call list_output
   161 000000E7 3C0D                            cmp al,0x0d
   162 000000E9 75F8                            jne f32         ; Jump if it wasn't 0x0d (CR)
   163 000000EB EBEA                            jmp f29
   164                                  f6:
   165 000000ED C3                              ret
   166                                  
   167                                          ; FREE - show bytes available from end of program to RAM_END.
   168                                  free_statement:
   169 000000EE E80600                          call free_bytes
   170 000000F1 E81401                          call output_number
   171 000000F4 E9B702                          jmp new_line
   172                                  
   173                                  free_bytes:
   174 000000F7 E8E902                          call find_program_end
   175 000000FA 8D4502                          lea ax,[di+2]
   176 000000FD BB001E                          mov bx,PROGRAM_TOP
   177 00000100 29C3                            sub bx,ax
   178 00000102 89D8                            mov ax,bx
   179 00000104 C3                              ret
   180                                  
   181                                  print_z:
   182 00000105 AC                              lodsb
   183 00000106 08C0                            or al,al
   184 00000108 74E3                            je f6
   185 0000010A E89D02                          call output
   186 0000010D EBF6                            jmp print_z
   187                                  
   188                                  list_output:
   189 0000010F 3C89                            cmp al,tok_num
   190 00000111 750E                            jne list_kw
   191 00000113 AD                              lodsw
   192 00000114 56                              push si
   193 00000115 E8F000                          call output_number
   194 00000118 5E                              pop si
   195 00000119 B020                            mov al,' '
   196 0000011B E88C02                          call output
   197 0000011E B030                            mov al,'0'
   198 00000120 C3                              ret
   199                                  list_kw:
   200 00000121 3C80                            cmp al,tok_new
   201 00000123 7303E98202                      jb output
   202 00000128 3C8B                            cmp al,tok_chr
   203 0000012A 7600                            jbe list_kw_emit
   204                                  list_kw_emit:
   205 0000012C 56                              push si
   206 0000012D 53                              push bx
   207 0000012E 57                              push di
   208 0000012F 88C3                            mov bl,al
   209 00000131 80EB80                          sub bl,tok_new
   210 00000134 30FF                            xor bh,bh
   211 00000136 BF[A900]                        mov di,kw_table
   212                                  list_seek:
   213 00000139 80FB00                          cmp bl,0
   214 0000013C 740B                            je list_emit
   215                                  list_skip:
   216 0000013E 8A05                            mov al,[di]
   217 00000140 47                              inc di
   218 00000141 A880                            test al,0x80
   219 00000143 74F9                            jz list_skip
   220 00000145 FECB                            dec bl
   221 00000147 EBF0                            jmp list_seek
   222                                  list_emit:
   223 00000149 8A05                            mov al,[di]
   224 0000014B 47                              inc di
   225 0000014C 88C4                            mov ah,al
   226 0000014E 247F                            and al,0x7f
   227 00000150 E85702                          call output
   228 00000153 F6C480                          test ah,0x80
   229 00000156 74F1                            jz list_emit
   230 00000158 B020                            mov al,' '
   231 0000015A E84D02                          call output
   232 0000015D 5F                              pop di
   233 0000015E 5B                              pop bx
   234 0000015F 5E                              pop si
   235 00000160 B030                            mov al,'0'
   236 00000162 C3                              ret
   237                                  
   238                                          ;
   239                                          ; Handle 'input' statement
   240                                          ;
   241                                  input_statement:
   242 00000163 E89000                          call get_variable   ; Get variable address
   243 00000166 50                              push ax             ; Save it
   244 00000167 B03F                            mov al,'?'          ; Prompt
   245 00000169 E80C01                          call input_line     ; Wait for line
   246                                          ;
   247                                          ; Second part of the assignment statement
   248                                          ;
   249                                  assignment:
   250 0000016C E80300                          call expr           ; Process expression
   251 0000016F 5F                              pop di
   252 00000170 AB                              stosw               ; Save onto variable
   253 00000171 C3                              ret
   254                                  
   255                                          ;
   256                                          ; Handle an expression.
   257                                          ; First tier: addition & subtraction.
   258                                          ;
   259                                  expr:
   260 00000172 E81F00                          call expr1          ; Call second tier
   261 00000175 803C2D                  f20:    cmp byte [si],'-'   ; Subtraction operator?
   262 00000178 7411                            je f19              ; Yes, jump
   263 0000017A 803C2B                          cmp byte [si],'+'   ; Addition operator?
   264 0000017D 7403E96BFF                      jne f6              ; No, return
   265 00000182 50                              push ax
   266 00000183 E80D00                          call expr1_2        ; Call second tier
   267 00000186 59                      f15:    pop cx
   268 00000187 01C8                            add ax,cx           ; Addition
   269 00000189 EBEA                            jmp f20             ; Find more operators
   270                                  
   271                                  f19:
   272 0000018B 50                              push ax
   273 0000018C E80400                          call expr1_2        ; Call second tier
   274 0000018F F7D8                            neg ax              ; Negate it (a - b converted to a + -b)
   275 00000191 EBF3                            jmp f15
   276                                  
   277                                          ;
   278                                          ; Handle an expression.
   279                                          ; Second tier: division & multiplication.
   280                                          ;
   281                                  expr1_2:
   282 00000193 46                              inc si              ; Avoid operator
   283                                  expr1:
   284 00000194 E82200                          call expr2          ; Call third tier
   285 00000197 803C2F                  f21:    cmp byte [si],'/'   ; Division operator?
   286 0000019A 7411                            je f23              ; Yes, jump
   287 0000019C 803C2A                          cmp byte [si],'*'   ; Multiplication operator?
   288 0000019F 7403E949FF                      jne f6              ; No, return
   289                                  
   290 000001A4 50                              push ax
   291 000001A5 E81000                          call expr2_2        ; Call third tier
   292 000001A8 59                              pop cx
   293 000001A9 F7E9                            imul cx             ; Multiplication
   294 000001AB EBEA                            jmp f21             ; Find more operators
   295                                  
   296                                  f23:
   297 000001AD 50                              push ax
   298 000001AE E80700                          call expr2_2        ; Call third tier
   299 000001B1 59                              pop cx
   300 000001B2 91                              xchg ax,cx
   301 000001B3 99                              cwd                 ; Expand AX to DX:AX
   302 000001B4 F7F9                            idiv cx             ; Signed division
   303 000001B6 EBDF                            jmp f21             ; Find more operators
   304                                  
   305                                          ;
   306                                          ; Handle an expression.
   307                                          ; Third tier: parentheses, numbers and vars.
   308                                          ;
   309                                  expr2_2:
   310 000001B8 46                              inc si              ; Avoid operator
   311                                  expr2:
   312 000001B9 E84600                          call spaces         ; Jump spaces
   313 000001BC AC                              lodsb               ; Read character
   314 000001BD 3C28                            cmp al,'('          ; Open parenthesis?
   315 000001BF 750B                            jne f24
   316 000001C1 E8AEFF                          call expr           ; Process inner expr.
   317 000001C4 803C29                          cmp byte [si],')'   ; Closing parenthesis?
   318 000001C7 7438                            je spaces_2         ; Yes, avoid spaces
   319 000001C9 E9C1FE                          jmp error           ; No, jump to error
   320                                  
   321 000001CC 3C40                    f24:    cmp al,0x40         ; Variable?
   322 000001CE 7306                            jnc f25             ; Yes, jump
   323 000001D0 4E                              dec si              ; Back one letter...
   324 000001D1 E84900                          call input_number   ; ...to read number
   325 000001D4 EB2C                            jmp spaces
   326                                  
   327 000001D6 3C89                    f25:    cmp al,tok_num
   328 000001D8 7502                            jne f33
   329 000001DA AD                              lodsw
   330 000001DB C3                              ret
   331 000001DC 3C88                    f33:    cmp al,tok_rnd
   332 000001DE 740A                            je f34
   333 000001E0 3C72                            cmp al,0x72
   334 000001E2 750B                            jne f22
   335 000001E4 803C6E                          cmp byte [si],0x6e
   336 000001E7 7506                            jne f22
   337 000001E9 AD                              lodsw               ; Advance SI by 2
   338                                  f34:
   339 000001EA E440                            in al,0x40          ; Read timer counter 0
   340 000001EC B400                            mov ah,0       
   341 000001EE C3                              ret
   342                                  
   343 000001EF E80500                  f22:    call get_variable_2 ; Get variable address
   344 000001F2 93                              xchg ax,bx
   345 000001F3 8B07                            mov ax,[bx]         ; Read
   346 000001F5 C3                              ret                 ; Return
   347                                  
   348                                          ;
   349                                          ; Get variable address.
   350                                          ; Also avoid spaces.
   351                                          ;
   352                                  get_variable:
   353 000001F6 AC                              lodsb               ; Read source
   354                                  get_variable_2:
   355 000001F7 241F                            and al,0x1f         ; 0x61-0x7a -> 0x01-0x1a
   356 000001F9 00C0                            add al,al           ; x 2 (each variable = word)
   357 000001FB 30E4                            xor ah,ah
   358 000001FD 05[0010]                        add ax,vars         ; Setup full address
   359 00000200 4E                              dec si
   360                                          ;
   361                                          ; Avoid spaces after current character
   362                                          ;
   363                                  spaces_2:
   364 00000201 46                              inc si
   365                                          ;
   366                                          ; Avoid spaces
   367                                          ; The interpreter depends on this routine not modifying AX
   368                                          ;
   369                                  spaces:
   370 00000202 803C20                          cmp byte [si],' '   ; Space found?
   371 00000205 74FA                            je spaces_2         ; Yes, move one character ahead.
   372 00000207 C3                              ret                 ; No, return.
   373                                  
   374                                          ;
   375                                          ; Output unsigned number 
   376                                          ; AX = value
   377                                          ;
   378                                  output_number:
   379                                  f26:
   380 00000208 31D2                            xor dx,dx           ; DX:AX
   381 0000020A B90A00                          mov cx,10           ; Divisor = 10
   382 0000020D F7F1                            div cx              ; Divide
   383 0000020F 09C0                            or ax,ax            ; Nothing at left?
   384 00000211 52                              push dx
   385 00000212 7403                            je f8               ; No, jump
   386 00000214 E8F1FF                          call f26            ; Yes, output left side
   387 00000217 58                      f8:     pop ax
   388 00000218 0430                            add al,'0'          ; Output remainder as...
   389 0000021A E98D01                          jmp output          ; ...ASCII digit
   390                                  
   391                                          ;
   392                                          ; Read number in input.
   393                                          ; AX = result
   394                                          ;
   395                                  input_number:
   396 0000021D 31DB                            xor bx,bx           ; BX = 0
   397 0000021F AC                      f11:    lodsb               ; Read source
   398 00000220 2C30                            sub al,'0'
   399 00000222 3C0A                            cmp al,10           ; Digit valid?
   400 00000224 98                              cbw
   401 00000225 93                              xchg ax,bx
   402 00000226 7309                            jnc f12             ; No, jump
   403 00000228 B90A00                          mov cx,10           ; Multiply by 10
   404 0000022B F7E1                            mul cx
   405 0000022D 01C3                            add bx,ax           ; Add new digit
   406 0000022F EBEE                            jmp f11             ; Continue
   407                                  
   408 00000231 4E                      f12:    dec si              ; SI points to first non-digit
   409 00000232 C3                              ret
   410                                  
   411                                          ;
   412                                          ; Handle 'system' statement
   413                                          ;
   414                                  system_statement:
   415 00000233 CD20                            int 0x20
   416                                  
   417                                          ;
   418                                          ; Handle 'goto' statement
   419                                          ;
   420                                  goto_statement:
   421 00000235 E83AFF                          call expr           ; Handle expression
   422 00000238 E88201                          call find_line
   423 0000023B 3905                            cmp word [di],ax
   424 0000023D 7403E9ABFE                      jne f6
   425 00000242 803E[3410]00                    cmp byte [running],0
   426 00000247 7408                            je run_from_di
   427 00000249 893E[3610]                      mov [run_next],di
   428 0000024D C3                              ret
   429                                  
   430                                          ;
   431                                          ; Handle 'run' statement
   432                                          ; (equivalent to 'goto 0')
   433                                          ;
   434                                  run_statement:
   435 0000024E BF[7C10]                        mov di,program
   436                                  run_from_di:
   437 00000251 C606[3410]01                    mov byte [running],1
   438                                  run_loop:
   439 00000256 833D00                          cmp word [di],0
   440 00000259 7417                            je run_end
   441 0000025B 89FE                            mov si,di
   442 0000025D E87401                          call next_line_ptr
   443 00000260 8936[3610]                      mov [run_next],si
   444 00000264 89FE                            mov si,di
   445 00000266 83C602                          add si,2
   446 00000269 E8CEFD                          call statement
   447 0000026C 8B3E[3610]                      mov di,[run_next]
   448 00000270 EBE4                            jmp run_loop
   449                                  run_end:
   450 00000272 C606[3410]00                    mov byte [running],0
   451 00000277 C3                              ret
   452                                  
   453                                          ;------------------------------------------------------------
   454                                          ; INPUT_LINE
   455                                          ; Function : Read edited input line with backspace support.
   456                                          ; Inputs   : AL = prompt character.
   457                                          ; Outputs  : LINE[] = text + CR, SI = LINE.
   458                                          ; Clobbers : AX,CX,DI.
   459                                          ;------------------------------------------------------------
   460                                  input_line:
   461 00000278 E82F01                          call output
   462 0000027B BE[3810]                        mov si,line
   463 0000027E 56                              push si
   464 0000027F 5F                              pop di          ; Target for writing line
   465 00000280 31C9                            xor cx,cx       ; Number of chars in buffer
   466 00000282 E82001                  f1:     call input_key  ; Read keyboard
   467 00000285 3C08                            cmp al,0x08     ; Backspace?
   468 00000287 7517                            jne f1_not_bs
   469 00000289 09C9                            or cx,cx
   470 0000028B 74F5                            je f1
   471 0000028D 4F                              dec di
   472 0000028E 49                              dec cx
   473 0000028F B008                            mov al,0x08
   474 00000291 E81601                          call output
   475 00000294 B020                            mov al,' '
   476 00000296 E81101                          call output
   477 00000299 B008                            mov al,0x08
   478 0000029B E80C01                          call output
   479 0000029E EBE2                            jmp f1
   480                                  f1_not_bs:
   481 000002A0 3C0D                            cmp al,0x0d     ; CR pressed?
   482 000002A2 740C                            je f1_store_cr
   483 000002A4 83F920                          cmp cx,32       ; Max chars reached?
   484 000002A7 73D9                            jae f1          ; Ignore extra chars
   485 000002A9 E8FE00                          call output
   486 000002AC AA                              stosb
   487 000002AD 41                              inc cx
   488 000002AE EBD2                            jmp f1
   489                                  f1_store_cr:
   490 000002B0 E8F700                          call output
   491 000002B3 AA                              stosb
   492 000002B4 C3                              ret             ; Yes, return
   493                                          ;------------------------------------------------------------
   494                                          ; TOKENIZE_LINE
   495                                          ; Function : Tokenize BASIC source line into LINE_TOK buffer.
   496                                          ; Inputs   : SI = source text after parsed line number.
   497                                          ; Outputs  : SI = LINE_TOK, tokenized line ends with CR.
   498                                          ; Clobbers : AX,BX,CX,DI,DL.
   499                                          ;------------------------------------------------------------
   500                                  tokenize_line:
   501 000002B5 E84AFF                          call spaces
   502 000002B8 BF[5A10]                        mov di,line_tok
   503                                  tok_scan:
   504 000002BB AC                              lodsb
   505 000002BC 3C0D                            cmp al,0x0d
   506 000002BE 744D                            je tok_done
   507 000002C0 3C22                            cmp al,'"'
   508 000002C2 743E                            je tok_string
   509 000002C4 3C2D                            cmp al,'-'
   510 000002C6 7515                            jne tok_not_minus
   511 000002C8 803C30                          cmp byte [si],'0'
   512 000002CB 7222                            jb tok_keyword
   513 000002CD 803C39                          cmp byte [si],'9'
   514 000002D0 771D                            ja tok_keyword
   515 000002D2 B089                            mov al,tok_num
   516 000002D4 AA                              stosb
   517 000002D5 E845FF                          call input_number
   518 000002D8 F7D8                            neg ax
   519 000002DA AB                              stosw
   520 000002DB EBDE                            jmp tok_scan
   521                                  tok_not_minus:
   522 000002DD 3C30                            cmp al,'0'
   523 000002DF 720E                            jb tok_keyword
   524 000002E1 3C39                            cmp al,'9'
   525 000002E3 770A                            ja tok_keyword
   526 000002E5 4E                              dec si
   527 000002E6 B089                            mov al,tok_num
   528 000002E8 AA                              stosb
   529 000002E9 E831FF                          call input_number
   530 000002EC AB                              stosw
   531 000002ED EBCC                            jmp tok_scan
   532                                  tok_keyword:
   533 000002EF 4E                              dec si
   534 000002F0 56                              push si
   535 000002F1 E82000                          call kw_match
   536 000002F4 5E                              pop si
   537 000002F5 7207                            jc tok_copy_char
   538 000002F7 88E0                            mov al,ah
   539 000002F9 AA                              stosb
   540 000002FA 01DE                            add si,bx
   541 000002FC EBBD                            jmp tok_scan
   542                                  tok_copy_char:
   543 000002FE AC                              lodsb
   544 000002FF AA                              stosb
   545 00000300 EBB9                            jmp tok_scan
   546                                  tok_string:
   547 00000302 AA                              stosb
   548                                  tok_string_loop:
   549 00000303 AC                              lodsb
   550 00000304 AA                              stosb
   551 00000305 3C22                            cmp al,'"'
   552 00000307 74B2                            je tok_scan
   553 00000309 3C0D                            cmp al,0x0d
   554 0000030B 75F6                            jne tok_string_loop
   555                                  tok_done:
   556 0000030D B00D                            mov al,0x0d
   557 0000030F AA                              stosb
   558 00000310 BE[5A10]                        mov si,line_tok
   559 00000313 C3                              ret
   560                                  
   561                                          ; Match keyword at SI. On success: CF=0, BX=length, AH=token id.
   562                                          ; On failure: CF=1.
   563                                  kw_match:
   564 00000314 57                              push di
   565 00000315 BF[A900]                        mov di,kw_table
   566 00000318 B480                            mov ah,tok_new
   567                                  kw_entry:
   568 0000031A 89F3                            mov bx,si
   569                                  kw_cmp:
   570 0000031C 8A05                            mov al,[di]
   571 0000031E 47                              inc di
   572 0000031F 8A17                            mov dl,[bx]
   573 00000321 80E27F                          and dl,0x7f
   574 00000324 38C2                            cmp dl,al
   575 00000326 7525                            jne kw_skip
   576 00000328 43                              inc bx
   577 00000329 A880                            test al,0x80
   578 0000032B 74EF                            jz kw_cmp
   579 0000032D 8A17                            mov dl,[bx]
   580 0000032F 80FA61                          cmp dl,'a'
   581 00000332 7226                            jb kw_hit
   582 00000334 80FA7A                          cmp dl,'z'
   583 00000337 7614                            jbe kw_skip
   584 00000339 80FA30                          cmp dl,'0'
   585 0000033C 721C                            jb kw_hit
   586 0000033E 80FA39                          cmp dl,'9'
   587 00000341 760A                            jbe kw_skip
   588 00000343 80FA5F                          cmp dl,'_'
   589 00000346 7405                            je kw_skip
   590 00000348 EB10                            jmp kw_hit
   591                                  kw_skip_loop:
   592 0000034A 8A05                            mov al,[di]
   593 0000034C 47                              inc di
   594                                  kw_skip:
   595 0000034D A880                            test al,0x80
   596 0000034F 74F9                            jz kw_skip_loop
   597                                  kw_next:
   598 00000351 80FC8B                          cmp ah,tok_chr
   599 00000354 7409                            je kw_fail
   600 00000356 FEC4                            inc ah
   601 00000358 EBC0                            jmp kw_entry
   602                                  kw_hit:
   603 0000035A 29F3                            sub bx,si
   604 0000035C F8                              clc
   605 0000035D 5F                              pop di
   606 0000035E C3                              ret
   607                                  kw_fail:
   608 0000035F F9                              stc
   609 00000360 5F                              pop di
   610 00000361 C3                              ret
   611                                  
   612                                          ;
   613                                          ; Handle "print" statement
   614                                          ;
   615                                  print_statement:
   616 00000362 AC                              lodsb           ; Read source
   617 00000363 3C0D                            cmp al,0x0d     ; End of line?
   618 00000365 7447                            je new_line     ; Yes, generate new line and return
   619 00000367 3C22                            cmp al,'"'      ; Double quotes?
   620 00000369 750D                            jne f7          ; No, jump
   621                                  print_2:
   622                                  f9:
   623 0000036B AC                              lodsb           ; Read string contents
   624 0000036C 3C22                            cmp al,'"'      ; Double quotes?
   625 0000036E 742F                            je f18          ; Yes, jump
   626 00000370 E83700                          call output     ; Output character
   627 00000373 3C0D                            cmp al,0x0d     ; 
   628 00000375 75F4                            jne f9          ; Jump if not finished with 0x0d (CR)
   629 00000377 C3                              ret             ; Return
   630                                  
   631 00000378 4E                      f7:     dec si
   632 00000379 803C8B                          cmp byte [si],tok_chr
   633 0000037C 7408                            je print_chr_tok
   634 0000037E E8F1FD                          call expr       ; Handle expression
   635 00000381 E884FE                          call output_number      ; Output result
   636 00000384 EB19                            jmp f18
   637                                  print_chr_tok:
   638 00000386 46                              inc si
   639 00000387 803C28                          cmp byte [si],'('
   640 0000038A 7403E9FEFC                      jne error
   641 0000038F 46                              inc si
   642 00000390 E8DFFD                          call expr
   643 00000393 803C29                          cmp byte [si],')'
   644 00000396 7403E9F2FC                      jne error
   645 0000039B 46                              inc si
   646 0000039C E80B00                          call output
   647 0000039F AC                      f18:    lodsb           ; Read next character
   648 000003A0 3C3B                            cmp al,';'      ; Is it semicolon?
   649 000003A2 750A                            jne new_line    ; No, jump to generate new line
   650 000003A4 C3                              ret             ; Yes, return
   651                                  
   652                                          ;
   653                                          ; Read a key into al
   654                                          ; Also outputs it to screen
   655                                          ;
   656                                  input_key:
   657 000003A5 B400                            mov ah,0x00
   658 000003A7 CD16                            int 0x16
   659 000003A9 C3                              ret
   660                                          ;
   661                                          ; Screen output of character contained in al
   662                                          ; Expands 0x0d (CR) into 0x0a 0x0d (LF CR)
   663                                          ;
   664                                  output:
   665 000003AA 3C0D                            cmp al,0x0d
   666 000003AC 7507                            jne f17
   667                                          ;
   668                                          ; Go to next line (generates LF+CR)
   669                                          ;
   670                                  new_line:
   671 000003AE B00A                            mov al,0x0a
   672 000003B0 E80200                          call f17
   673 000003B3 B00D                            mov al,0x0d
   674                                  f17:
   675 000003B5 B40E                            mov ah,0x0e
   676 000003B7 BB0700                          mov bx,0x0007
   677 000003BA CD10                            int 0x10
   678 000003BC C3                              ret
   679                                  
   680                                          ;------------------------------------------------------------
   681                                          ; FIND_LINE
   682                                          ; Function : Find first packed line >= AX.
   683                                          ; Inputs   : AX = line number.
   684                                          ; Outputs  : DI = line pointer or end marker.
   685                                          ; Clobbers : BX,SI.
   686                                          ;------------------------------------------------------------
   687                                  find_line:
   688 000003BD BF[7C10]                        mov di,program
   689                                  find_line_1:
   690 000003C0 8B1D                            mov bx,[di]
   691 000003C2 09DB                            or bx,bx
   692 000003C4 740D                            je find_line_done
   693 000003C6 39C3                            cmp bx,ax
   694 000003C8 7309                            jae find_line_done
   695 000003CA 50                              push ax
   696 000003CB E80600                          call next_line_ptr
   697 000003CE 89F7                            mov di,si
   698 000003D0 58                              pop ax
   699 000003D1 EBED                            jmp find_line_1
   700                                  find_line_done:
   701 000003D3 C3                              ret
   702                                  
   703                                          ; Compute SI=next line pointer from DI=current line.
   704                                  next_line_ptr:
   705 000003D4 89FE                            mov si,di
   706 000003D6 83C602                          add si,2
   707                                  next_line_ptr_1:
   708 000003D9 803C0D                          cmp byte [si],0x0d
   709 000003DC 7403                            je next_line_ptr_2
   710 000003DE 46                              inc si
   711 000003DF EBF8                            jmp next_line_ptr_1
   712                                  next_line_ptr_2:
   713 000003E1 46                              inc si
   714 000003E2 C3                              ret
   715                                  
   716                                          ; Find program end marker (word zero)
   717                                  find_program_end:
   718 000003E3 BF[7C10]                        mov di,program
   719                                  find_program_end_1:
   720 000003E6 8B05                            mov ax,[di]
   721 000003E8 09C0                            or ax,ax
   722 000003EA 7407                            je find_program_end_done
   723 000003EC E8E5FF                          call next_line_ptr
   724 000003EF 89F7                            mov di,si
   725 000003F1 EBF3                            jmp find_program_end_1
   726                                  find_program_end_done:
   727 000003F3 C3                              ret
   728                                  
   729                                          ;------------------------------------------------------------
   730                                          ; EDITLN
   731                                          ; Function : Replace/insert/delete packed program line.
   732                                          ; Inputs   : AX = line number, SI = tokenized text + CR.
   733                                          ; Outputs  : Program image updated in RAM.
   734                                          ; Clobbers : AX,BX,CX,DX,SI,DI,BP.
   735                                          ;------------------------------------------------------------
   736                                  editln:
   737 000003F4 50                              push ax                  ; Save line number
   738 000003F5 E80AFE                          call spaces
   739 000003F8 5A                              pop dx                   ; DX = line number
   740 000003F9 89F3                            mov bx,si                ; BX = line text pointer
   741 000003FB B90100                          mov cx,1
   742                                  editln_len:
   743 000003FE 803C0D                          cmp byte [si],0x0d
   744 00000401 7404                            je editln_len_done
   745 00000403 46                              inc si
   746 00000404 41                              inc cx
   747 00000405 EBF7                            jmp editln_len
   748                                  editln_len_done:
   749 00000407 89D0                            mov ax,dx
   750 00000409 E8B1FF                          call find_line
   751 0000040C 3915                            cmp word [di],dx
   752 0000040E 7503                            jne editln_no_existing
   753 00000410 E85200                          call deline              ; delete existing line at DI
   754                                  editln_no_existing:
   755 00000413 803F0D                          cmp byte [bx],0x0d
   756 00000416 740A                            je editln_done           ; pure line number => deletion
   757 00000418 89DE                            mov si,bx
   758 0000041A 89D0                            mov ax,dx
   759 0000041C 83C102                          add cx,2                 ; line number + text (CR already counted)
   760 0000041F E80100                          call insline
   761                                  editln_done:
   762 00000422 C3                              ret
   763                                  
   764                                          ; Insert new line AX at DI, with text at SI and total size in CX.
   765                                  insline:
   766 00000423 50                              push ax
   767 00000424 51                              push cx
   768 00000425 56                              push si
   769 00000426 57                              push di
   770 00000427 E8B9FF                          call find_program_end
   771 0000042A 89FD                            mov bp,di                ; BP = end marker pointer
   772 0000042C 5F                              pop di                   ; DI = insertion pointer
   773 0000042D 5E                              pop si                   ; SI = text pointer
   774 0000042E 59                              pop cx                   ; CX = new total size
   775 0000042F 58                              pop ax                   ; AX = line number
   776 00000430 89EB                            mov bx,bp
   777 00000432 83C302                          add bx,2
   778 00000435 01CB                            add bx,cx
   779 00000437 81FB001E                        cmp bx,PROGRAM_TOP
   780 0000043B 7725                            ja insline_oom
   781 0000043D 89EB                            mov bx,bp
   782 0000043F 83C302                          add bx,2                 ; include zero marker
   783 00000442 29FB                            sub bx,di                ; bytes to move
   784 00000444 89CA                            mov dx,cx                ; keep new size
   785 00000446 FD                              std
   786 00000447 8D71FF                          lea si,[di+bx-1]
   787 0000044A 01DF                            add di,bx
   788 0000044C 01D7                            add di,dx
   789 0000044E 4F                              dec di
   790 0000044F 89D9                            mov cx,bx
   791 00000451 F3A4                            rep movsb                ; top-down move for insertion
   792 00000453 FC                              cld
   793 00000454 29DF                            sub di,bx
   794 00000456 8905                            mov [di],ax
   795 00000458 83C702                          add di,2
   796                                  insline_copy:
   797 0000045B AC                              lodsb
   798 0000045C AA                              stosb
   799 0000045D 3C0D                            cmp al,0x0d
   800 0000045F 75FA                            jne insline_copy
   801 00000461 C3                              ret
   802                                  insline_oom:
   803 00000462 E928FC                          jmp error
   804                                  
   805                                  deline:
   806                                          ; Delete existing line at DI
   807 00000465 57                              push di
   808 00000466 E86BFF                          call next_line_ptr
   809 00000469 89F3                            mov bx,si                ; BX = source after deleted line
   810 0000046B E875FF                          call find_program_end
   811 0000046E 89F9                            mov cx,di
   812 00000470 83C102                          add cx,2                 ; include end marker
   813 00000473 29D9                            sub cx,bx                ; bytes to slide down
   814 00000475 5F                              pop di                   ; DI = destination
   815 00000476 89DE                            mov si,bx
   816 00000478 F3A4                            rep movsb                ; forward move for deletion
   817 0000047A C3                              ret
   818                                  
   819                                          ;
   820                                          ; List of statements of bootBASIC
   821                                          ; First one byte with length of string
   822                                          ; Then string with statement
   823                                          ; Then a word with the address of the code
   824                                          ;
   825                                  statements:
   826 0000047B 046E6577                        db 4,"new"
   827 0000047F [0000]                          dw start
   828                                  
   829 00000481 056C697374                      db 5,"list"
   830 00000486 [D400]                          dw list_statement
   831                                  
   832 00000488 0472756E                        db 4,"run"
   833 0000048C [4E02]                          dw run_statement
   834                                  
   835 0000048E 067072696E74                    db 6,"print"
   836 00000494 [6203]                          dw print_statement
   837                                  
   838 00000496 06696E707574                    db 6,"input"
   839 0000049C [6301]                          dw input_statement
   840                                  
   841 0000049E 036966                          db 3,"if"
   842 000004A1 [3000]                          dw if_statement
   843                                  
   844 000004A3 05676F746F                      db 5,"goto"
   845 000004A8 [3502]                          dw goto_statement
   846                                  
   847 000004AA 0773797374656D                  db 7,"system"
   848 000004B1 [3302]                          dw system_statement
   849                                  
   850 000004B3 0566726565                      db 5,"free"
   851 000004B8 [EE00]                          dw free_statement
   852                                  
   853 000004BA 01                              db 1
   854                                  
   855 000004BB 54494E592042415349-     signon: db "TINY BASIC V2.1.0 FREE=",0
   855 000004C4 432056322E312E3020-
   855 000004CD 465245453D00       
   856                                  
   857                                  ROM_END:
   858                                  
   859 000004D3 00<rep B2Dh>                    TIMES 0x1000-($-$$) DB 0
   860 00001000 000000000000000000-     vars:       DW 26 DUP (0)
   860 00001009 000000000000000000-
   860 00001012 000000000000000000-
   860 0000101B 000000000000000000-
   860 00001024 000000000000000000-
   860 0000102D 00000000000000     
   861 00001034 0000                    running:    DW 0
   862 00001036 0000                    run_next:   DW 0
   863 00001038 000000000000000000-     line:       DW 17 DUP (0)      ; 34 bytes, max 32 chars + CR
   863 00001041 000000000000000000-
   863 0000104A 000000000000000000-
   863 00001053 00000000000000     
   864 0000105A 000000000000000000-     line_tok:   DW 17 DUP (0)
   864 00001063 000000000000000000-
   864 0000106C 000000000000000000-
   864 00001075 00000000000000     
   865                                  
   866                                  program:
   867                                          ; 10 PRINT "MANDELBROT 16BIT"
   868 0000107C 0A00                            dw 10
   869 0000107E 8320224D414E44454C-             db 0x83,0x20,0x22,"MANDELBROT 16BIT",0x22,0x0d
   869 00001087 42524F542031364249-
   869 00001090 54220D             
   870                                          ; 20 Y=-12
   871 00001093 1400                            dw 20
   872 00001095 793D89F4FF0D                    db 0x79,0x3d,0x89,0xf4,0xff,0x0d
   873                                          ; 30 IF Y-12 GOTO 50
   874 0000109B 1E00                            dw 30
   875 0000109D 85207989F4FF208620-             db 0x85,0x20,0x79,0x89,0xf4,0xff,0x20,0x86,0x20,0x89,0x32,0x00,0x0d
   875 000010A6 8932000D           
   876                                          ; 40 GOTO 999
   877 000010AA 2800                            dw 40
   878 000010AC 862089E7030D                    db 0x86,0x20,0x89,0xe7,0x03,0x0d
   879                                          ; 50 X=-39
   880 000010B2 3200                            dw 50
   881 000010B4 783D89D9FF0D                    db 0x78,0x3d,0x89,0xd9,0xff,0x0d
   882                                          ; 60 IF X-39 GOTO 80
   883 000010BA 3C00                            dw 60
   884 000010BC 85207889D9FF208620-             db 0x85,0x20,0x78,0x89,0xd9,0xff,0x20,0x86,0x20,0x89,0x50,0x00,0x0d
   884 000010C5 8950000D           
   885                                          ; 70 GOTO 900
   886 000010C9 4600                            dw 70
   887 000010CB 86208984030D                    db 0x86,0x20,0x89,0x84,0x03,0x0d
   888                                          ; 80 A=0
   889 000010D1 5000                            dw 80
   890 000010D3 613D8900000D                    db 0x61,0x3d,0x89,0x00,0x00,0x0d
   891                                          ; 90 B=0
   892 000010D9 5A00                            dw 90
   893 000010DB 623D8900000D                    db 0x62,0x3d,0x89,0x00,0x00,0x0d
   894                                          ; 100 I=0
   895 000010E1 6400                            dw 100
   896 000010E3 693D8900000D                    db 0x69,0x3d,0x89,0x00,0x00,0x0d
   897                                          ; 110 T=A*A/16-B*B/16+X
   898 000010E9 6E00                            dw 110
   899 000010EB 743D612A612F891000-             db 0x74,0x3d,0x61,0x2a,0x61,0x2f,0x89,0x10,0x00,0x2d,0x62,0x2a,0x62,0x2f,0x89,0x10,0x00,0x2b,0x78,0x0d
   899 000010F4 2D622A622F8910002B-
   899 000010FD 780D               
   900                                          ; 120 B=A*B/8+Y
   901 000010FF 7800                            dw 120
   902 00001101 623D612A622F890800-             db 0x62,0x3d,0x61,0x2a,0x62,0x2f,0x89,0x08,0x00,0x2b,0x79,0x0d
   902 0000110A 2B790D             
   903                                          ; 130 A=T
   904 0000110D 8200                            dw 130
   905 0000110F 613D740D                        db 0x61,0x3d,0x74,0x0d
   906                                          ; 140 I=I+1
   907 00001113 8C00                            dw 140
   908 00001115 693D692B8901000D                db 0x69,0x3d,0x69,0x2b,0x89,0x01,0x00,0x0d
   909                                          ; 150 IF I-16 GOTO 170
   910 0000111D 9600                            dw 150
   911 0000111F 85206989F0FF208620-             db 0x85,0x20,0x69,0x89,0xf0,0xff,0x20,0x86,0x20,0x89,0xaa,0x00,0x0d
   911 00001128 89AA000D           
   912                                          ; 160 GOTO 200
   913 0000112C A000                            dw 160
   914 0000112E 862089C8000D                    db 0x86,0x20,0x89,0xc8,0x00,0x0d
   915                                          ; 170 IF A*A/16+B*B/16-64 GOTO 110
   916 00001134 AA00                            dw 170
   917 00001136 8520612A612F891000-             db 0x85,0x20,0x61,0x2a,0x61,0x2f,0x89,0x10,0x00,0x2b,0x62,0x2a,0x62,0x2f,0x89,0x10,0x00,0x89,0xc0,0xff,0x20,0x86,0x20,0x89,0x6e,0x00,0x0d
   917 0000113F 2B622A622F89100089-
   917 00001148 C0FF208620896E000D 
   918                                          ; 200 PRINT CHR$(42);
   919 00001151 C800                            dw 200
   920 00001153 83208B28892A00293B-             db 0x83,0x20,0x8b,0x28,0x89,0x2a,0x00,0x29,0x3b,0x0d
   920 0000115C 0D                 
   921                                          ; 210 X=X+1
   922 0000115D D200                            dw 210
   923 0000115F 783D782B8901000D                db 0x78,0x3d,0x78,0x2b,0x89,0x01,0x00,0x0d
   924                                          ; 220 GOTO 60
   925 00001167 DC00                            dw 220
   926 00001169 8620893C000D                    db 0x86,0x20,0x89,0x3c,0x00,0x0d
   927                                          ; 900 PRINT
   928 0000116F 8403                            dw 900
   929 00001171 830D                            db 0x83,0x0d
   930                                          ; 910 Y=Y+1
   931 00001173 8E03                            dw 910
   932 00001175 793D792B8901000D                db 0x79,0x3d,0x79,0x2b,0x89,0x01,0x00,0x0d
   933                                          ; 920 GOTO 30
   934 0000117D 9803                            dw 920
   935 0000117F 8620891E000D                    db 0x86,0x20,0x89,0x1e,0x00,0x0d
   936                                          ; 999 PRINT "DONE"
   937 00001185 E703                            dw 999
   938 00001187 832022444F4E45220D              db 0x83,0x20,0x22,"DONE",0x22,0x0d
   939 00001190 0000                            dw 0
   940                                  
   941                                          ;
   942                                          ; End of COM image
   943                                          ;
   944                                  
